// Jest Snapshot v1, https://goo.gl/fbAQLP

exports[`Album.vue Renders correctly 1`] = `
<v-card-stub
  class="mx-auto"
  loaderheight="4"
  tag="div"
>
  <v-img-stub
    class="white--text align-end"
    height="400px"
    options="[object Object]"
    position="center center"
    src="https://lastfm.freetls.fastly.net/i/u/300x300/b0c2311a9af7f0edbc8b99450944ca1b.png"
    transition="fade-transition"
  >
    <v-card-title-stub>
      Believe
    </v-card-title-stub>
  </v-img-stub>
   
  <v-card-subtitle-stub
    class="pb-0"
  >
    
    Cher
  
  </v-card-subtitle-stub>
   
  <v-card-text-stub
    class="text--primary"
  >
    <div
      class="text-left mt-4 mb-4"
    >
      <v-chip-stub
        active="true"
        activeclass=""
        class="mr-2"
        closeicon="$delete"
        closelabel="$vuetify.close"
        color="primary"
        filtericon="$complete"
        small="true"
        tag="span"
        textcolor="white"
      >
        <v-avatar-stub
          left="true"
          size="48"
        >
          <v-icon-stub>
            mdi-label
          </v-icon-stub>
        </v-avatar-stub>
        
        pop
      
      </v-chip-stub>
      <v-chip-stub
        active="true"
        activeclass=""
        class="mr-2"
        closeicon="$delete"
        closelabel="$vuetify.close"
        color="primary"
        filtericon="$complete"
        small="true"
        tag="span"
        textcolor="white"
      >
        <v-avatar-stub
          left="true"
          size="48"
        >
          <v-icon-stub>
            mdi-label
          </v-icon-stub>
        </v-avatar-stub>
        
        90s
      
      </v-chip-stub>
      <v-chip-stub
        active="true"
        activeclass=""
        class="mr-2"
        closeicon="$delete"
        closelabel="$vuetify.close"
        color="primary"
        filtericon="$complete"
        small="true"
        tag="span"
        textcolor="white"
      >
        <v-avatar-stub
          left="true"
          size="48"
        >
          <v-icon-stub>
            mdi-label
          </v-icon-stub>
        </v-avatar-stub>
        
        dance
      
      </v-chip-stub>
      <v-chip-stub
        active="true"
        activeclass=""
        class="mr-2"
        closeicon="$delete"
        closelabel="$vuetify.close"
        color="primary"
        filtericon="$complete"
        small="true"
        tag="span"
        textcolor="white"
      >
        <v-avatar-stub
          left="true"
          size="48"
        >
          <v-icon-stub>
            mdi-label
          </v-icon-stub>
        </v-avatar-stub>
        
        cher
      
      </v-chip-stub>
      <v-chip-stub
        active="true"
        activeclass=""
        class="mr-2"
        closeicon="$delete"
        closelabel="$vuetify.close"
        color="primary"
        filtericon="$complete"
        small="true"
        tag="span"
        textcolor="white"
      >
        <v-avatar-stub
          left="true"
          size="48"
        >
          <v-icon-stub>
            mdi-label
          </v-icon-stub>
        </v-avatar-stub>
        
        albums I own
      
      </v-chip-stub>
    </div>
     
    <p>
      Believe is the twenty-third studio album by American  singer-actress Cher, released on November 10, 1998 by Warner Bros. Records. The RIAA certified it Quadruple Platinum on December 23, 1999, recognizing four million shipments in the United States; Worldwide, the album has sold more than 20 million copies, making it the biggest-selling album of her career. In 1999 the album received three Grammy Awards nominations including "Record of the Year", "Best Pop Album" and winning "Best Dance Recording" for the single "Believe". 
      <a
        href="http://www.last.fm/music/Cher/Believe"
      >
        Read more on Last.fm
      </a>
      .
    </p>
     
    <v-list-stub
      tag="div"
      twoline="true"
    >
      <v-list-item-stub
        activeclass=""
        tag="div"
      >
        <v-list-item-icon-stub>
          <v-icon-stub
            color="primary"
          >
            
            mdi-music
          
          </v-icon-stub>
        </v-list-item-icon-stub>
         
        <v-list-item-content-stub>
          <v-list-item-title-stub>
            Believe
          </v-list-item-title-stub>
           
          <v-list-item-subtitle-stub>
            3:59
          </v-list-item-subtitle-stub>
        </v-list-item-content-stub>
      </v-list-item-stub>
      <v-list-item-stub
        activeclass=""
        tag="div"
      >
        <v-list-item-icon-stub>
          <v-icon-stub
            color="primary"
          >
            
            mdi-music
          
          </v-icon-stub>
        </v-list-item-icon-stub>
         
        <v-list-item-content-stub>
          <v-list-item-title-stub>
            The Power
          </v-list-item-title-stub>
           
          <v-list-item-subtitle-stub>
            3:56
          </v-list-item-subtitle-stub>
        </v-list-item-content-stub>
      </v-list-item-stub>
      <v-list-item-stub
        activeclass=""
        tag="div"
      >
        <v-list-item-icon-stub>
          <v-icon-stub
            color="primary"
          >
            
            mdi-music
          
          </v-icon-stub>
        </v-list-item-icon-stub>
         
        <v-list-item-content-stub>
          <v-list-item-title-stub>
            Runaway
          </v-list-item-title-stub>
           
          <v-list-item-subtitle-stub>
            4:46
          </v-list-item-subtitle-stub>
        </v-list-item-content-stub>
      </v-list-item-stub>
      <v-list-item-stub
        activeclass=""
        tag="div"
      >
        <v-list-item-icon-stub>
          <v-icon-stub
            color="primary"
          >
            
            mdi-music
          
          </v-icon-stub>
        </v-list-item-icon-stub>
         
        <v-list-item-content-stub>
          <v-list-item-title-stub>
            All or Nothing
          </v-list-item-title-stub>
           
          <v-list-item-subtitle-stub>
            3:58
          </v-list-item-subtitle-stub>
        </v-list-item-content-stub>
      </v-list-item-stub>
      <v-list-item-stub
        activeclass=""
        tag="div"
      >
        <v-list-item-icon-stub>
          <v-icon-stub
            color="primary"
          >
            
            mdi-music
          
          </v-icon-stub>
        </v-list-item-icon-stub>
         
        <v-list-item-content-stub>
          <v-list-item-title-stub>
            Strong Enough
          </v-list-item-title-stub>
           
          <v-list-item-subtitle-stub>
            3:44
          </v-list-item-subtitle-stub>
        </v-list-item-content-stub>
      </v-list-item-stub>
      <v-list-item-stub
        activeclass=""
        tag="div"
      >
        <v-list-item-icon-stub>
          <v-icon-stub
            color="primary"
          >
            
            mdi-music
          
          </v-icon-stub>
        </v-list-item-icon-stub>
         
        <v-list-item-content-stub>
          <v-list-item-title-stub>
            Dov'e L'amore
          </v-list-item-title-stub>
           
          <v-list-item-subtitle-stub>
            4:18
          </v-list-item-subtitle-stub>
        </v-list-item-content-stub>
      </v-list-item-stub>
      <v-list-item-stub
        activeclass=""
        tag="div"
      >
        <v-list-item-icon-stub>
          <v-icon-stub
            color="primary"
          >
            
            mdi-music
          
          </v-icon-stub>
        </v-list-item-icon-stub>
         
        <v-list-item-content-stub>
          <v-list-item-title-stub>
            Takin' Back My Heart
          </v-list-item-title-stub>
           
          <v-list-item-subtitle-stub>
            4:32
          </v-list-item-subtitle-stub>
        </v-list-item-content-stub>
      </v-list-item-stub>
      <v-list-item-stub
        activeclass=""
        tag="div"
      >
        <v-list-item-icon-stub>
          <v-icon-stub
            color="primary"
          >
            
            mdi-music
          
          </v-icon-stub>
        </v-list-item-icon-stub>
         
        <v-list-item-content-stub>
          <v-list-item-title-stub>
            Taxi Taxi
          </v-list-item-title-stub>
           
          <v-list-item-subtitle-stub>
            5:04
          </v-list-item-subtitle-stub>
        </v-list-item-content-stub>
      </v-list-item-stub>
      <v-list-item-stub
        activeclass=""
        tag="div"
      >
        <v-list-item-icon-stub>
          <v-icon-stub
            color="primary"
          >
            
            mdi-music
          
          </v-icon-stub>
        </v-list-item-icon-stub>
         
        <v-list-item-content-stub>
          <v-list-item-title-stub>
            Love Is the Groove
          </v-list-item-title-stub>
           
          <v-list-item-subtitle-stub>
            4:31
          </v-list-item-subtitle-stub>
        </v-list-item-content-stub>
      </v-list-item-stub>
      <v-list-item-stub
        activeclass=""
        tag="div"
      >
        <v-list-item-icon-stub>
          <v-icon-stub
            color="primary"
          >
            
            mdi-music
          
          </v-icon-stub>
        </v-list-item-icon-stub>
         
        <v-list-item-content-stub>
          <v-list-item-title-stub>
            We All Sleep Alone
          </v-list-item-title-stub>
           
          <v-list-item-subtitle-stub>
            5:10
          </v-list-item-subtitle-stub>
        </v-list-item-content-stub>
      </v-list-item-stub>
    </v-list-stub>
  </v-card-text-stub>
</v-card-stub>
`;
